2025.12.10 22:05:22 WARN  Using H2 2.4.240 which is newer than the version Flyway has been verified with. The latest verified version of H2 is 2.3.232.
2025.12.10 22:07:54 INFO  no build target found for /home/fpscala/IdeaProjects/resthub/backend/project/ProjectDefaults.scala. Using presentation compiler with project's scala-library version: 3.3.6
2025.12.10 22:07:55 INFO  no build target found for /home/fpscala/IdeaProjects/resthub/backend/project/plugins.sbt. Using presentation compiler with project's scala-library version: 3.3.6
2025.12.10 22:07:55 INFO  no build target found for /home/fpscala/IdeaProjects/resthub/backend/supports/build.sbt. Using presentation compiler with project's scala-library version: 3.3.6
2025.12.10 22:07:55 INFO  no build target found for /home/fpscala/IdeaProjects/resthub/backend/supports/jobs/build.sbt. Using presentation compiler with project's scala-library version: 3.3.6
2025.12.10 22:07:55 INFO  no build target found for /home/fpscala/IdeaProjects/resthub/backend/supports/jobs/src/main/scala/uz/scala/jobs/CronJobRunner.scala. Using presentation compiler with project's scala-library version: 3.3.6
2025.12.10 22:07:55 INFO  no build target found for /home/fpscala/IdeaProjects/resthub/backend/supports/jobs/src/main/scala/uz/scala/jobs/Job.scala. Using presentation compiler with project's scala-library version: 3.3.6
2025.12.10 22:07:55 INFO  no build target found for /home/fpscala/IdeaProjects/resthub/backend/supports/jobs/src/main/scala/uz/scala/jobs/JobRunMode.scala. Using presentation compiler with project's scala-library version: 3.3.6
2025.12.10 22:07:55 INFO  no build target found for /home/fpscala/IdeaProjects/resthub/backend/supports/jobs/src/main/scala/uz/scala/jobs/JobRunSettings.scala. Using presentation compiler with project's scala-library version: 3.3.6
2025.12.10 22:07:55 INFO  no build target found for /home/fpscala/IdeaProjects/resthub/backend/supports/jobs/src/main/scala/uz/scala/jobs/JobsRunner.scala. Using presentation compiler with project's scala-library version: 3.3.6
2025.12.10 22:07:55 INFO  no build target found for /home/fpscala/IdeaProjects/resthub/backend/supports/jobs/src/main/scala/uz/scala/jobs/JobsRunnerConfig.scala. Using presentation compiler with project's scala-library version: 3.3.6
2025.12.10 22:07:55 INFO  no build target found for /home/fpscala/IdeaProjects/resthub/backend/supports/jobs/src/main/scala/uz/scala/jobs/SingleJobRunner.scala. Using presentation compiler with project's scala-library version: 3.3.6
2025.12.10 22:07:55 INFO  no build target found for /home/fpscala/IdeaProjects/resthub/backend/supports/jobs/src/main/scala/uz/scala/jobs/SupervisedCronJob.scala. Using presentation compiler with project's scala-library version: 3.3.6
2025.12.10 22:07:55 INFO  no build target found for /home/fpscala/IdeaProjects/resthub/backend/supports/jobs/src/main/scala/uz/scala/jobs/SupervisedPeriodicJob.scala. Using presentation compiler with project's scala-library version: 3.3.6
2025.12.10 22:07:55 INFO  no build target found for /home/fpscala/IdeaProjects/resthub/backend/supports/kafka/build.sbt. Using presentation compiler with project's scala-library version: 3.3.6
2025.12.10 22:07:55 INFO  no build target found for /home/fpscala/IdeaProjects/resthub/backend/supports/kafka/src/main/scala/uz/scala/kafka/KafkaConfig.scala. Using presentation compiler with project's scala-library version: 3.3.6
2025.12.10 22:07:55 INFO  no build target found for /home/fpscala/IdeaProjects/resthub/backend/supports/kafka/src/main/scala/uz/scala/kafka/KafkaEvent.scala. Using presentation compiler with project's scala-library version: 3.3.6
2025.12.10 22:07:55 INFO  no build target found for /home/fpscala/IdeaProjects/resthub/backend/supports/kafka/src/main/scala/uz/scala/kafka/KafkaProducer.scala. Using presentation compiler with project's scala-library version: 3.3.6
2025.12.10 22:07:55 INFO  no build target found for /home/fpscala/IdeaProjects/resthub/backend/supports/logback/build.sbt. Using presentation compiler with project's scala-library version: 3.3.6
2025.12.10 22:07:55 INFO  no build target found for /home/fpscala/IdeaProjects/resthub/backend/supports/mailer/build.sbt. Using presentation compiler with project's scala-library version: 3.3.6
2025.12.10 22:07:55 INFO  no build target found for /home/fpscala/IdeaProjects/resthub/backend/supports/mailer/src/main/scala/uz/scala/mailer/Mailer.scala. Using presentation compiler with project's scala-library version: 3.3.6
2025.12.10 22:07:55 INFO  no build target found for /home/fpscala/IdeaProjects/resthub/backend/supports/mailer/src/main/scala/uz/scala/mailer/MailerConfig.scala. Using presentation compiler with project's scala-library version: 3.3.6
2025.12.10 22:07:55 INFO  no build target found for /home/fpscala/IdeaProjects/resthub/backend/supports/mailer/src/main/scala/uz/scala/mailer/data/Attachment.scala. Using presentation compiler with project's scala-library version: 3.3.6
2025.12.10 22:07:55 INFO  no build target found for /home/fpscala/IdeaProjects/resthub/backend/supports/mailer/src/main/scala/uz/scala/mailer/data/Content.scala. Using presentation compiler with project's scala-library version: 3.3.6
2025.12.10 22:07:55 INFO  no build target found for /home/fpscala/IdeaProjects/resthub/backend/supports/mailer/src/main/scala/uz/scala/mailer/data/Credentials.scala. Using presentation compiler with project's scala-library version: 3.3.6
2025.12.10 22:07:55 INFO  no build target found for /home/fpscala/IdeaProjects/resthub/backend/supports/mailer/src/main/scala/uz/scala/mailer/data/Email.scala. Using presentation compiler with project's scala-library version: 3.3.6
2025.12.10 22:07:55 INFO  no build target found for /home/fpscala/IdeaProjects/resthub/backend/supports/mailer/src/main/scala/uz/scala/mailer/data/Header.scala. Using presentation compiler with project's scala-library version: 3.3.6
2025.12.10 22:07:55 INFO  no build target found for /home/fpscala/IdeaProjects/resthub/backend/supports/mailer/src/main/scala/uz/scala/mailer/data/Html.scala. Using presentation compiler with project's scala-library version: 3.3.6
2025.12.10 22:07:55 INFO  no build target found for /home/fpscala/IdeaProjects/resthub/backend/supports/mailer/src/main/scala/uz/scala/mailer/data/Props.scala. Using presentation compiler with project's scala-library version: 3.3.6
2025.12.10 22:07:55 INFO  no build target found for /home/fpscala/IdeaProjects/resthub/backend/supports/mailer/src/main/scala/uz/scala/mailer/data/Text.scala. Using presentation compiler with project's scala-library version: 3.3.6
2025.12.10 22:07:55 INFO  no build target found for /home/fpscala/IdeaProjects/resthub/backend/supports/mailer/src/main/scala/uz/scala/mailer/data/types.scala. Using presentation compiler with project's scala-library version: 3.3.6
2025.12.10 22:07:55 INFO  no build target found for /home/fpscala/IdeaProjects/resthub/backend/supports/mailer/src/main/scala/uz/scala/mailer/exception/DeliverFailure.scala. Using presentation compiler with project's scala-library version: 3.3.6
2025.12.10 22:07:55 INFO  no build target found for /home/fpscala/IdeaProjects/resthub/backend/supports/mailer/src/main/scala/uz/scala/mailer/exception/InvalidAddress.scala. Using presentation compiler with project's scala-library version: 3.3.6
2025.12.10 22:07:55 INFO  no build target found for /home/fpscala/IdeaProjects/resthub/backend/supports/mailer/src/main/scala/uz/scala/mailer/retries/Retry.scala. Using presentation compiler with project's scala-library version: 3.3.6
2025.12.10 22:07:55 INFO  no build target found for /home/fpscala/IdeaProjects/resthub/backend/supports/redis/build.sbt. Using presentation compiler with project's scala-library version: 3.3.6
2025.12.10 22:07:55 INFO  no build target found for /home/fpscala/IdeaProjects/resthub/backend/supports/redis/src/main/scala/uz/scala/redis/RedisClient.scala. Using presentation compiler with project's scala-library version: 3.3.6
2025.12.10 22:07:55 INFO  no build target found for /home/fpscala/IdeaProjects/resthub/backend/supports/redis/src/main/scala/uz/scala/redis/RedisConfig.scala. Using presentation compiler with project's scala-library version: 3.3.6
2025.12.10 22:07:55 INFO  no build target found for /home/fpscala/IdeaProjects/resthub/backend/supports/services/build.sbt. Using presentation compiler with project's scala-library version: 3.3.6
2025.12.10 22:07:55 INFO  no build target found for /home/fpscala/IdeaProjects/resthub/backend/supports/services/src/main/scala/uz/scala/http4s/HealthHttpRoutes.scala. Using presentation compiler with project's scala-library version: 3.3.6
2025.12.10 22:07:55 INFO  no build target found for /home/fpscala/IdeaProjects/resthub/backend/supports/services/src/main/scala/uz/scala/http4s/HttpServer.scala. Using presentation compiler with project's scala-library version: 3.3.6
2025.12.10 22:07:55 INFO  no build target found for /home/fpscala/IdeaProjects/resthub/backend/supports/services/src/main/scala/uz/scala/http4s/HttpServerConfig.scala. Using presentation compiler with project's scala-library version: 3.3.6
2025.12.10 22:07:55 INFO  no build target found for /home/fpscala/IdeaProjects/resthub/backend/supports/services/src/main/scala/uz/scala/http4s/LiveHttpErrorHandler.scala. Using presentation compiler with project's scala-library version: 3.3.6
2025.12.10 22:07:55 INFO  no build target found for /home/fpscala/IdeaProjects/resthub/backend/supports/services/src/main/scala/uz/scala/http4s/LogConfig.scala. Using presentation compiler with project's scala-library version: 3.3.6
2025.12.10 22:07:55 INFO  no build target found for /home/fpscala/IdeaProjects/resthub/backend/supports/services/src/main/scala/uz/scala/http4s/RoutesHttpErrorHandler.scala. Using presentation compiler with project's scala-library version: 3.3.6
2025.12.10 22:07:55 INFO  no build target found for /home/fpscala/IdeaProjects/resthub/backend/supports/services/src/main/scala/uz/scala/http4s/syntax/Http4sSyntax.scala. Using presentation compiler with project's scala-library version: 3.3.6
2025.12.10 22:07:55 INFO  no build target found for /home/fpscala/IdeaProjects/resthub/backend/supports/services/src/main/scala/uz/scala/http4s/syntax/package.scala. Using presentation compiler with project's scala-library version: 3.3.6
2025.12.10 22:07:55 INFO  no build target found for /home/fpscala/IdeaProjects/resthub/backend/supports/services/src/main/scala/uz/scala/http4s/utils/HttpErrorHandler.scala. Using presentation compiler with project's scala-library version: 3.3.6
2025.12.10 22:07:55 INFO  no build target found for /home/fpscala/IdeaProjects/resthub/backend/supports/services/src/main/scala/uz/scala/http4s/utils/MapConvert.scala. Using presentation compiler with project's scala-library version: 3.3.6
2025.12.10 22:07:55 INFO  no build target found for /home/fpscala/IdeaProjects/resthub/backend/supports/services/src/main/scala/uz/scala/http4s/utils/Routes.scala. Using presentation compiler with project's scala-library version: 3.3.6
2025.12.10 22:07:55 INFO  no build target found for /home/fpscala/IdeaProjects/resthub/backend/supports/sttp/build.sbt. Using presentation compiler with project's scala-library version: 3.3.6
2025.12.10 22:07:55 INFO  no build target found for /home/fpscala/IdeaProjects/resthub/backend/supports/sttp/src/main/scala/uz/scala/sttp/SttpBackends.scala. Using presentation compiler with project's scala-library version: 3.3.6
2025.12.10 22:07:55 INFO  no build target found for /home/fpscala/IdeaProjects/resthub/backend/supports/sttp/src/main/scala/uz/scala/sttp/SttpClient.scala. Using presentation compiler with project's scala-library version: 3.3.6
2025.12.10 22:07:55 INFO  no build target found for /home/fpscala/IdeaProjects/resthub/backend/supports/sttp/src/main/scala/uz/scala/sttp/SttpClientAuth.scala. Using presentation compiler with project's scala-library version: 3.3.6
2025.12.10 22:07:55 INFO  no build target found for /home/fpscala/IdeaProjects/resthub/backend/supports/sttp/src/main/scala/uz/scala/sttp/SttpError.scala. Using presentation compiler with project's scala-library version: 3.3.6
2025.12.10 22:07:55 INFO  no build target found for /home/fpscala/IdeaProjects/resthub/backend/supports/sttp/src/main/scala/uz/scala/sttp/SttpRequest.scala. Using presentation compiler with project's scala-library version: 3.3.6
2025.12.10 22:07:55 INFO  no build target found for /home/fpscala/IdeaProjects/resthub/backend/supports/sttp/src/main/scala/uz/scala/sttp/SttpRequestBody.scala. Using presentation compiler with project's scala-library version: 3.3.6
2025.12.10 22:07:56 INFO  no build target found for /home/fpscala/IdeaProjects/resthub/backend/supports/sttp/src/main/scala/uz/scala/sttp/SttpResponseDecoder.scala. Using presentation compiler with project's scala-library version: 3.3.6
2025.12.10 22:07:56 INFO  no build target found for /home/fpscala/IdeaProjects/resthub/backend/supports/sttp/src/main/scala/uz/scala/sttp/package.scala. Using presentation compiler with project's scala-library version: 3.3.6
Dec 12, 2025 9:18:07 PM org.eclipse.lsp4j.jsonrpc.services.GenericEndpoint notify
INFO: Unsupported notification method: $/setTrace
